// Jest Snapshot v1, https://goo.gl/fbAQLP

exports[`>>> Client entry point +++ should capture the snapshot of Cell 1`] = `ShallowWrapper {}`;
