// Jest Snapshot v1, https://goo.gl/fbAQLP

exports[`>>> Client entry point +++ should capture the snapshot of GameBoard 1`] = `ShallowWrapper {}`;
